No files changed, compilation skipped
Script ran successfully.

== Logs ==
  === Full Redeployment with Security Fixes ===
  Deployer: 0x069C76420DD98cAfa97cc1D349BC1cC708284032
  Chain: Monad Testnet
  
  PlatformFeeManager: 0x7F6130B20Fc5FaD82d99BE06A25bb66dB1a9752d
  AgentRegistry: 0x8787c7a097661062f8B9b09e03898997A1e5F56F
  SimplePriceOracle: 0x407a0f25155c1F902E8432b81CFcb35aDe155CCE
  Initial price: $2500.00
  MultiSigTreasury: 0xEd4eb043c9faAd76B1Ec5a4522495813099FF77A
  Price oracle connected
  CampaignFactory: 0x132561C96143Dd19b861d684168Fd97dc6b12cd7
  Factory authorized in treasury
  
  === Deployment Complete ===
  Copy these addresses to your .env:
  
  AGENT_REGISTRY_ADDRESS= 0x8787c7a097661062f8B9b09e03898997A1e5F56F
  PLATFORM_FEE_MANAGER_ADDRESS= 0x7F6130B20Fc5FaD82d99BE06A25bb66dB1a9752d
  CAMPAIGN_FACTORY_ADDRESS= 0x132561C96143Dd19b861d684168Fd97dc6b12cd7
  MULTISIG_TREASURY_ADDRESS= 0xEd4eb043c9faAd76B1Ec5a4522495813099FF77A
  PRICE_ORACLE_ADDRESS= 0x407a0f25155c1F902E8432b81CFcb35aDe155CCE
  ===========================

## Setting up 1 EVM.

==========================

Chain 10143

Estimated gas price: 203.000000001 gwei

Estimated total gas used for script: 11250838

Estimated amount required: 2.283920114011250838 ETH

==========================


==========================

ONCHAIN EXECUTION COMPLETE & SUCCESSFUL.

Transactions saved to: /home/bill/dev/agent-fundraising-platform/contracts/broadcast/RedeployAll.s.sol/10143/run-latest.json

Sensitive values saved to: /home/bill/dev/agent-fundraising-platform/contracts/cache/RedeployAll.s.sol/10143/run-latest.json

